{
    "sarscov2 - fasta - replace": {
        "content": [
            {
                "0": [
                    [
                        {
                            "id": "test"
                        },
                        [
                            "genome.fna:md5,725d06d8193c9af76a4c1cc2fe3d01d8",
                            "proteome.fasta:md5,759d2bc37dfd4b294e29191ab9271022"
                        ]
                    ]
                ],
                "1": [
                    "versions.yml:md5,8d27e93173ef8d4941faef6af25ba3d7"
                ],
                "fastx": [
                    [
                        {
                            "id": "test"
                        },
                        [
                            "genome.fna:md5,725d06d8193c9af76a4c1cc2fe3d01d8",
                            "proteome.fasta:md5,759d2bc37dfd4b294e29191ab9271022"
                        ]
                    ]
                ],
                "versions": [
                    "versions.yml:md5,8d27e93173ef8d4941faef6af25ba3d7"
                ]
            }
        ],
        "meta": {
            "nf-test": "0.9.2",
            "nextflow": "24.10.4"
        },
        "timestamp": "2025-05-25T09:54:34.17233"
    }
}