{
    "all_files": {
        "content": [
            [
                "downstream_samplesheets",
                "pipeline_info",
                "pipeline_info/nf_core_createtaxdb_software_mqc_versions.yml"
            ]
        ],
        "timestamp": "2026-05-07T11:59:44.983718",
        "meta": {
            "nf-test": "0.9.4",
            "nextflow": "25.10.4"
        }
    }
}